   • first                    
   • DEPRECATED: `foo.bar.whatever` should not be used anymore, check https://goreleaser.com/deprecations#foo-bar-whatever for more info.
   • last                     
